PrismaClientValidationError: 
Invalid `prisma.salesInvoice.create()` invocation:

{
  data: {
    organizationId: "fa4284f5-4438-46ae-9218-46d5895e7dd3",
    invoiceNumber: "TGIT/005/26-27",
    invoiceDate: new Date("2026-08-23T00:00:00.000Z"),
    customerId: undefined,
    taxMode: "NON_GST",
    placeOfSupply: null,
    workOrderNo: null,
    quotationReference: "TGIT/QUOT/004/26-27",
    taxableTotal: 1000,
    cgstTotal: 0,
    sgstTotal: 0,
    igstTotal: 0,
    totalTax: 0,
    roundOff: 0,
    grandTotal: 1000,
    status: "DRAFT",
    createdById: "cfa5bf96-fd5d-420c-8c5b-d3c251e3dbb9",
    items: {
      create: [
        {
          productId: null,
          serviceId: null,
          description: "Laptop Service",
          hsnSac: "",
          quantity: 1,
          unitRate: 1000,
          taxableValue: 1000,
          cgstRate: 0,
          sgstRate: 0,
          igstRate: 0,
          cgstAmount: 0,
          sgstAmount: 0,
          igstAmount: 0,
          totalAmount: 1000
        }
      ]
    },
+   customer: {
+     create: CustomerCreateWithoutSalesInvoicesInput | CustomerUncheckedCreateWithoutSalesInvoicesInput,
+     connectOrCreate: CustomerCreateOrConnectWithoutSalesInvoicesInput,
+     connect: CustomerWhereUniqueInput
+   }
  },
  include: {
    customer: true,
    items: true
  }
}

Argument `customer` is missing.
    at Nn (C:\Users\PIP\Desktop\TGIT Billing & Inventory\node_modules\@prisma\client\runtime\library.js:29:1363)
    at ei.handleRequestError (C:\Users\PIP\Desktop\TGIT Billing & Inventory\node_modules\@prisma\client\runtime\library.js:121:6911)
    at ei.handleAndLogRequestError (C:\Users\PIP\Desktop\TGIT Billing & Inventory\node_modules\@prisma\client\runtime\library.js:121:6593)
    at ei.request (C:\Users\PIP\Desktop\TGIT Billing & Inventory\node_modules\@prisma\client\runtime\library.js:121:6300)
    at async a (C:\Users\PIP\Desktop\TGIT Billing & Inventory\node_modules\@prisma\client\runtime\library.js:130:9551)
    at async convertQuotationToSales (file:///C:/Users/PIP/Desktop/TGIT%20Billing%20&%20Inventory/backend/src/services/quotationService.js:184:24)
    at async file:///C:/Users/PIP/Desktop/TGIT%20Billing%20&%20Inventory/backend/src/routes/quotations.js:64:20 {
  clientVersion: '6.19.3'
}
